Archive member included to satisfy reference by file (symbol)

c:/program files (x86)/atmel/studio/7.0/toolchain/avr8/avr8-gnu-toolchain/bin/../lib/gcc/avr/5.4.0/../../../../avr/lib/avr5\libm.a(addsf3.o)
                              main.o (__subsf3)
c:/program files (x86)/atmel/studio/7.0/toolchain/avr8/avr8-gnu-toolchain/bin/../lib/gcc/avr/5.4.0/../../../../avr/lib/avr5\libm.a(addsf3x.o)
                              c:/program files (x86)/atmel/studio/7.0/toolchain/avr8/avr8-gnu-toolchain/bin/../lib/gcc/avr/5.4.0/../../../../avr/lib/avr5\libm.a(addsf3.o) (__addsf3x)
c:/program files (x86)/atmel/studio/7.0/toolchain/avr8/avr8-gnu-toolchain/bin/../lib/gcc/avr/5.4.0/../../../../avr/lib/avr5\libm.a(fixsfsi.o)
                              main.o (__fixsfsi)
c:/program files (x86)/atmel/studio/7.0/toolchain/avr8/avr8-gnu-toolchain/bin/../lib/gcc/avr/5.4.0/../../../../avr/lib/avr5\libm.a(fixunssfsi.o)
                              c:/program files (x86)/atmel/studio/7.0/toolchain/avr8/avr8-gnu-toolchain/bin/../lib/gcc/avr/5.4.0/../../../../avr/lib/avr5\libm.a(fixsfsi.o) (__fixunssfsi)
c:/program files (x86)/atmel/studio/7.0/toolchain/avr8/avr8-gnu-toolchain/bin/../lib/gcc/avr/5.4.0/../../../../avr/lib/avr5\libm.a(floatsisf.o)
                              main.o (__floatsisf)
c:/program files (x86)/atmel/studio/7.0/toolchain/avr8/avr8-gnu-toolchain/bin/../lib/gcc/avr/5.4.0/../../../../avr/lib/avr5\libm.a(fp_inf.o)
                              c:/program files (x86)/atmel/studio/7.0/toolchain/avr8/avr8-gnu-toolchain/bin/../lib/gcc/avr/5.4.0/../../../../avr/lib/avr5\libm.a(addsf3x.o) (__fp_inf)
c:/program files (x86)/atmel/studio/7.0/toolchain/avr8/avr8-gnu-toolchain/bin/../lib/gcc/avr/5.4.0/../../../../avr/lib/avr5\libm.a(fp_nan.o)
                              c:/program files (x86)/atmel/studio/7.0/toolchain/avr8/avr8-gnu-toolchain/bin/../lib/gcc/avr/5.4.0/../../../../avr/lib/avr5\libm.a(addsf3x.o) (__fp_nan)
c:/program files (x86)/atmel/studio/7.0/toolchain/avr8/avr8-gnu-toolchain/bin/../lib/gcc/avr/5.4.0/../../../../avr/lib/avr5\libm.a(fp_pscA.o)
                              c:/program files (x86)/atmel/studio/7.0/toolchain/avr8/avr8-gnu-toolchain/bin/../lib/gcc/avr/5.4.0/../../../../avr/lib/avr5\libm.a(addsf3x.o) (__fp_pscA)
c:/program files (x86)/atmel/studio/7.0/toolchain/avr8/avr8-gnu-toolchain/bin/../lib/gcc/avr/5.4.0/../../../../avr/lib/avr5\libm.a(fp_pscB.o)
                              c:/program files (x86)/atmel/studio/7.0/toolchain/avr8/avr8-gnu-toolchain/bin/../lib/gcc/avr/5.4.0/../../../../avr/lib/avr5\libm.a(addsf3x.o) (__fp_pscB)
c:/program files (x86)/atmel/studio/7.0/toolchain/avr8/avr8-gnu-toolchain/bin/../lib/gcc/avr/5.4.0/../../../../avr/lib/avr5\libm.a(fp_round.o)
                              c:/program files (x86)/atmel/studio/7.0/toolchain/avr8/avr8-gnu-toolchain/bin/../lib/gcc/avr/5.4.0/../../../../avr/lib/avr5\libm.a(addsf3.o) (__fp_round)
c:/program files (x86)/atmel/studio/7.0/toolchain/avr8/avr8-gnu-toolchain/bin/../lib/gcc/avr/5.4.0/../../../../avr/lib/avr5\libm.a(fp_split3.o)
                              c:/program files (x86)/atmel/studio/7.0/toolchain/avr8/avr8-gnu-toolchain/bin/../lib/gcc/avr/5.4.0/../../../../avr/lib/avr5\libm.a(addsf3x.o) (__fp_split3)
c:/program files (x86)/atmel/studio/7.0/toolchain/avr8/avr8-gnu-toolchain/bin/../lib/gcc/avr/5.4.0/../../../../avr/lib/avr5\libm.a(fp_zero.o)
                              c:/program files (x86)/atmel/studio/7.0/toolchain/avr8/avr8-gnu-toolchain/bin/../lib/gcc/avr/5.4.0/../../../../avr/lib/avr5\libm.a(addsf3x.o) (__fp_zero)
c:/program files (x86)/atmel/studio/7.0/toolchain/avr8/avr8-gnu-toolchain/bin/../lib/gcc/avr/5.4.0/avr5\libgcc.a(_divmodhi4.o)
                              main.o (__divmodhi4)
c:/program files (x86)/atmel/studio/7.0/toolchain/avr8/avr8-gnu-toolchain/bin/../lib/gcc/avr/5.4.0/avr5\libgcc.a(_exit.o)
                              C:/Program Files (x86)/Atmel/Studio/7.0/Packs/atmel/ATmega_DFP/1.6.364/gcc/dev/atmega32/avr5/crtatmega32.o (exit)
c:/program files (x86)/atmel/studio/7.0/toolchain/avr8/avr8-gnu-toolchain/bin/../lib/gcc/avr/5.4.0/avr5\libgcc.a(_copy_data.o)
                              basics/PINS_Direction.o (__do_copy_data)
c:/program files (x86)/atmel/studio/7.0/toolchain/avr8/avr8-gnu-toolchain/bin/../lib/gcc/avr/5.4.0/avr5\libgcc.a(_clear_bss.o)
                              interrupt/External_interrupt.o (__do_clear_bss)
c:/program files (x86)/atmel/studio/7.0/toolchain/avr8/avr8-gnu-toolchain/bin/../lib/gcc/avr/5.4.0/avr5\libgcc.a(_udivmodhi4.o)
                              c:/program files (x86)/atmel/studio/7.0/toolchain/avr8/avr8-gnu-toolchain/bin/../lib/gcc/avr/5.4.0/avr5\libgcc.a(_divmodhi4.o) (__udivmodhi4)
c:/program files (x86)/atmel/studio/7.0/toolchain/avr8/avr8-gnu-toolchain/bin/../lib/gcc/avr/5.4.0/../../../../avr/lib/avr5\libc.a(itoa_ncheck.o)
                              main.o (__itoa_ncheck)
c:/program files (x86)/atmel/studio/7.0/toolchain/avr8/avr8-gnu-toolchain/bin/../lib/gcc/avr/5.4.0/../../../../avr/lib/avr5\libc.a(utoa_ncheck.o)
                              c:/program files (x86)/atmel/studio/7.0/toolchain/avr8/avr8-gnu-toolchain/bin/../lib/gcc/avr/5.4.0/../../../../avr/lib/avr5\libc.a(itoa_ncheck.o) (__utoa_common)
c:/program files (x86)/atmel/studio/7.0/toolchain/avr8/avr8-gnu-toolchain/bin/../lib/gcc/avr/5.4.0/../../../../avr/lib/avr5\libc.a(strrev.o)
                              c:/program files (x86)/atmel/studio/7.0/toolchain/avr8/avr8-gnu-toolchain/bin/../lib/gcc/avr/5.4.0/../../../../avr/lib/avr5\libc.a(utoa_ncheck.o) (strrev)

Allocating common symbols
Common symbol       size              file

p2f0                0x2               interrupt/External_interrupt.o
distance            0x4               main.o
p3f                 0x2               Timer/timer.o
distance_str        0x28              main.o
p2f1                0x2               interrupt/External_interrupt.o
p2f2                0x2               interrupt/External_interrupt.o
p4f                 0x2               Timer/timer.o
p2f                 0x2               Timer/timer.o

Discarded input sections

 .data          0x00000000        0x0 C:/Program Files (x86)/Atmel/Studio/7.0/Packs/atmel/ATmega_DFP/1.6.364/gcc/dev/atmega32/avr5/crtatmega32.o
 .bss           0x00000000        0x0 C:/Program Files (x86)/Atmel/Studio/7.0/Packs/atmel/ATmega_DFP/1.6.364/gcc/dev/atmega32/avr5/crtatmega32.o
 .group         0x00000000        0x8 ADC/ADC_program.o
 .group         0x00000000        0x8 ADC/ADC_program.o
 .group         0x00000000        0x8 ADC/ADC_program.o
 .group         0x00000000        0x8 ADC/ADC_program.o
 .group         0x00000000        0x8 ADC/ADC_program.o
 .group         0x00000000        0x8 ADC/ADC_program.o
 .group         0x00000000        0x8 ADC/ADC_program.o
 .group         0x00000000        0x8 ADC/ADC_program.o
 .group         0x00000000        0x8 ADC/ADC_program.o
 .group         0x00000000        0x8 ADC/ADC_program.o
 .group         0x00000000        0x8 ADC/ADC_program.o
 .group         0x00000000        0x8 ADC/ADC_program.o
 .group         0x00000000        0x8 ADC/ADC_program.o
 .group         0x00000000        0x8 ADC/ADC_program.o
 .group         0x00000000        0x8 ADC/ADC_program.o
 .group         0x00000000        0x8 ADC/ADC_program.o
 .group         0x00000000        0x8 ADC/ADC_program.o
 .text          0x00000000        0x0 ADC/ADC_program.o
 .data          0x00000000        0x0 ADC/ADC_program.o
 .bss           0x00000000        0x0 ADC/ADC_program.o
 .text.adc_init
                0x00000000        0xe ADC/ADC_program.o
 .text.ADC_READ
                0x00000000       0x1a ADC/ADC_program.o
 .debug_info    0x00000000       0xca ADC/ADC_program.o
 .debug_abbrev  0x00000000       0x7d ADC/ADC_program.o
 .debug_loc     0x00000000       0x21 ADC/ADC_program.o
 .debug_aranges
                0x00000000       0x28 ADC/ADC_program.o
 .debug_ranges  0x00000000       0x18 ADC/ADC_program.o
 .debug_macro   0x00000000       0xdf ADC/ADC_program.o
 .debug_macro   0x00000000      0xa4e ADC/ADC_program.o
 .debug_macro   0x00000000       0x10 ADC/ADC_program.o
 .debug_macro   0x00000000       0x10 ADC/ADC_program.o
 .debug_macro   0x00000000      0x1c9 ADC/ADC_program.o
 .debug_macro   0x00000000      0x2fc ADC/ADC_program.o
 .debug_macro   0x00000000       0x9e ADC/ADC_program.o
 .debug_macro   0x00000000      0xc24 ADC/ADC_program.o
 .debug_macro   0x00000000      0x170 ADC/ADC_program.o
 .debug_macro   0x00000000       0xbd ADC/ADC_program.o
 .debug_macro   0x00000000       0x34 ADC/ADC_program.o
 .debug_macro   0x00000000       0x18 ADC/ADC_program.o
 .debug_macro   0x00000000       0x6c ADC/ADC_program.o
 .debug_macro   0x00000000      0x2dc ADC/ADC_program.o
 .debug_macro   0x00000000       0x22 ADC/ADC_program.o
 .debug_macro   0x00000000      0x27b ADC/ADC_program.o
 .debug_macro   0x00000000       0x10 ADC/ADC_program.o
 .debug_macro   0x00000000       0x5e ADC/ADC_program.o
 .debug_line    0x00000000      0x2ed ADC/ADC_program.o
 .debug_str     0x00000000     0x7290 ADC/ADC_program.o
 .comment       0x00000000       0x31 ADC/ADC_program.o
 .debug_frame   0x00000000       0x34 ADC/ADC_program.o
 .group         0x00000000        0x8 basics/PINS_Direction.o
 .group         0x00000000        0x8 basics/PINS_Direction.o
 .group         0x00000000        0x8 basics/PINS_Direction.o
 .group         0x00000000        0x8 basics/PINS_Direction.o
 .group         0x00000000        0x8 basics/PINS_Direction.o
 .group         0x00000000        0x8 basics/PINS_Direction.o
 .group         0x00000000        0x8 basics/PINS_Direction.o
 .group         0x00000000        0x8 basics/PINS_Direction.o
 .group         0x00000000        0x8 basics/PINS_Direction.o
 .group         0x00000000        0x8 basics/PINS_Direction.o
 .group         0x00000000        0x8 basics/PINS_Direction.o
 .group         0x00000000        0x8 basics/PINS_Direction.o
 .group         0x00000000        0x8 basics/PINS_Direction.o
 .group         0x00000000        0x8 basics/PINS_Direction.o
 .group         0x00000000        0x8 basics/PINS_Direction.o
 .group         0x00000000        0x8 basics/PINS_Direction.o
 .text          0x00000000        0x0 basics/PINS_Direction.o
 .data          0x00000000        0x0 basics/PINS_Direction.o
 .bss           0x00000000        0x0 basics/PINS_Direction.o
 .debug_macro   0x00000000      0xa4e basics/PINS_Direction.o
 .debug_macro   0x00000000       0x10 basics/PINS_Direction.o
 .debug_macro   0x00000000       0x10 basics/PINS_Direction.o
 .debug_macro   0x00000000      0x1c9 basics/PINS_Direction.o
 .debug_macro   0x00000000      0x2fc basics/PINS_Direction.o
 .debug_macro   0x00000000       0x9e basics/PINS_Direction.o
 .debug_macro   0x00000000      0xc24 basics/PINS_Direction.o
 .debug_macro   0x00000000      0x170 basics/PINS_Direction.o
 .debug_macro   0x00000000       0xbd basics/PINS_Direction.o
 .debug_macro   0x00000000       0x34 basics/PINS_Direction.o
 .debug_macro   0x00000000       0x18 basics/PINS_Direction.o
 .debug_macro   0x00000000       0x6c basics/PINS_Direction.o
 .debug_macro   0x00000000      0x2dc basics/PINS_Direction.o
 .debug_macro   0x00000000       0x22 basics/PINS_Direction.o
 .debug_macro   0x00000000      0x27b basics/PINS_Direction.o
 .debug_macro   0x00000000       0x10 basics/PINS_Direction.o
 .group         0x00000000        0x8 DC Motor/DC_MOTOR_program.o
 .group         0x00000000        0x8 DC Motor/DC_MOTOR_program.o
 .group         0x00000000        0x8 DC Motor/DC_MOTOR_program.o
 .group         0x00000000        0x8 DC Motor/DC_MOTOR_program.o
 .group         0x00000000        0x8 DC Motor/DC_MOTOR_program.o
 .group         0x00000000        0x8 DC Motor/DC_MOTOR_program.o
 .group         0x00000000        0x8 DC Motor/DC_MOTOR_program.o
 .group         0x00000000        0x8 DC Motor/DC_MOTOR_program.o
 .group         0x00000000        0x8 DC Motor/DC_MOTOR_program.o
 .group         0x00000000        0x8 DC Motor/DC_MOTOR_program.o
 .group         0x00000000        0x8 DC Motor/DC_MOTOR_program.o
 .group         0x00000000        0x8 DC Motor/DC_MOTOR_program.o
 .group         0x00000000        0x8 DC Motor/DC_MOTOR_program.o
 .group         0x00000000        0x8 DC Motor/DC_MOTOR_program.o
 .group         0x00000000        0x8 DC Motor/DC_MOTOR_program.o
 .group         0x00000000        0x8 DC Motor/DC_MOTOR_program.o
 .group         0x00000000        0x8 DC Motor/DC_MOTOR_program.o
 .text          0x00000000        0x0 DC Motor/DC_MOTOR_program.o
 .data          0x00000000        0x0 DC Motor/DC_MOTOR_program.o
 .bss           0x00000000        0x0 DC Motor/DC_MOTOR_program.o
 .text.DCMOTOR_Init
                0x00000000        0xe DC Motor/DC_MOTOR_program.o
 .text.DCMOTOR_SEtDIR
                0x00000000        0x6 DC Motor/DC_MOTOR_program.o
 .text.DCMOTOR_SETSPEED
                0x00000000       0x10 DC Motor/DC_MOTOR_program.o
 .text.DCMOTOR_Start
                0x00000000        0x6 DC Motor/DC_MOTOR_program.o
 .text.DCMOTOR_Stop
                0x00000000        0x6 DC Motor/DC_MOTOR_program.o
 .debug_info    0x00000000      0x195 DC Motor/DC_MOTOR_program.o
 .debug_abbrev  0x00000000       0xd8 DC Motor/DC_MOTOR_program.o
 .debug_loc     0x00000000       0x32 DC Motor/DC_MOTOR_program.o
 .debug_aranges
                0x00000000       0x40 DC Motor/DC_MOTOR_program.o
 .debug_ranges  0x00000000       0x30 DC Motor/DC_MOTOR_program.o
 .debug_macro   0x00000000       0xed DC Motor/DC_MOTOR_program.o
 .debug_macro   0x00000000      0xa4e DC Motor/DC_MOTOR_program.o
 .debug_macro   0x00000000       0x10 DC Motor/DC_MOTOR_program.o
 .debug_macro   0x00000000       0x10 DC Motor/DC_MOTOR_program.o
 .debug_macro   0x00000000      0x1c9 DC Motor/DC_MOTOR_program.o
 .debug_macro   0x00000000      0x2fc DC Motor/DC_MOTOR_program.o
 .debug_macro   0x00000000       0x9e DC Motor/DC_MOTOR_program.o
 .debug_macro   0x00000000      0xc24 DC Motor/DC_MOTOR_program.o
 .debug_macro   0x00000000      0x170 DC Motor/DC_MOTOR_program.o
 .debug_macro   0x00000000       0xbd DC Motor/DC_MOTOR_program.o
 .debug_macro   0x00000000       0x34 DC Motor/DC_MOTOR_program.o
 .debug_macro   0x00000000       0x18 DC Motor/DC_MOTOR_program.o
 .debug_macro   0x00000000       0x6c DC Motor/DC_MOTOR_program.o
 .debug_macro   0x00000000      0x2dc DC Motor/DC_MOTOR_program.o
 .debug_macro   0x00000000       0x22 DC Motor/DC_MOTOR_program.o
 .debug_macro   0x00000000      0x27b DC Motor/DC_MOTOR_program.o
 .debug_macro   0x00000000       0x10 DC Motor/DC_MOTOR_program.o
 .debug_macro   0x00000000       0x70 DC Motor/DC_MOTOR_program.o
 .debug_line    0x00000000      0x379 DC Motor/DC_MOTOR_program.o
 .debug_str     0x00000000     0x73a1 DC Motor/DC_MOTOR_program.o
 .comment       0x00000000       0x31 DC Motor/DC_MOTOR_program.o
 .debug_frame   0x00000000       0x64 DC Motor/DC_MOTOR_program.o
 .group         0x00000000        0x8 interrupt/External_interrupt.o
 .group         0x00000000        0x8 interrupt/External_interrupt.o
 .group         0x00000000        0x8 interrupt/External_interrupt.o
 .group         0x00000000        0x8 interrupt/External_interrupt.o
 .group         0x00000000        0x8 interrupt/External_interrupt.o
 .group         0x00000000        0x8 interrupt/External_interrupt.o
 .group         0x00000000        0x8 interrupt/External_interrupt.o
 .group         0x00000000        0x8 interrupt/External_interrupt.o
 .group         0x00000000        0x8 interrupt/External_interrupt.o
 .group         0x00000000        0x8 interrupt/External_interrupt.o
 .group         0x00000000        0x8 interrupt/External_interrupt.o
 .group         0x00000000        0x8 interrupt/External_interrupt.o
 .group         0x00000000        0x8 interrupt/External_interrupt.o
 .group         0x00000000        0x8 interrupt/External_interrupt.o
 .group         0x00000000        0x8 interrupt/External_interrupt.o
 .group         0x00000000        0x8 interrupt/External_interrupt.o
 .group         0x00000000        0x8 interrupt/External_interrupt.o
 .group         0x00000000        0x8 interrupt/External_interrupt.o
 .text          0x00000000        0x0 interrupt/External_interrupt.o
 .data          0x00000000        0x0 interrupt/External_interrupt.o
 .bss           0x00000000        0x0 interrupt/External_interrupt.o
 .text.SET_CallBack_INT1
                0x00000000        0xa interrupt/External_interrupt.o
 .text.SET_CallBack_INT2
                0x00000000        0xa interrupt/External_interrupt.o
 .debug_macro   0x00000000      0xa4e interrupt/External_interrupt.o
 .debug_macro   0x00000000       0x10 interrupt/External_interrupt.o
 .debug_macro   0x00000000      0x1c9 interrupt/External_interrupt.o
 .debug_macro   0x00000000      0x2fc interrupt/External_interrupt.o
 .debug_macro   0x00000000       0x9e interrupt/External_interrupt.o
 .debug_macro   0x00000000      0xc24 interrupt/External_interrupt.o
 .debug_macro   0x00000000      0x170 interrupt/External_interrupt.o
 .debug_macro   0x00000000       0xbd interrupt/External_interrupt.o
 .debug_macro   0x00000000       0x34 interrupt/External_interrupt.o
 .debug_macro   0x00000000       0x18 interrupt/External_interrupt.o
 .debug_macro   0x00000000       0x6c interrupt/External_interrupt.o
 .debug_macro   0x00000000       0x10 interrupt/External_interrupt.o
 .debug_macro   0x00000000      0x2dc interrupt/External_interrupt.o
 .debug_macro   0x00000000       0x22 interrupt/External_interrupt.o
 .debug_macro   0x00000000      0x27b interrupt/External_interrupt.o
 .debug_macro   0x00000000       0x10 interrupt/External_interrupt.o
 .group         0x00000000        0x8 I2C/I2C_program.o
 .group         0x00000000        0x8 I2C/I2C_program.o
 .group         0x00000000        0x8 I2C/I2C_program.o
 .group         0x00000000        0x8 I2C/I2C_program.o
 .group         0x00000000        0x8 I2C/I2C_program.o
 .group         0x00000000        0x8 I2C/I2C_program.o
 .group         0x00000000        0x8 I2C/I2C_program.o
 .group         0x00000000        0x8 I2C/I2C_program.o
 .group         0x00000000        0x8 I2C/I2C_program.o
 .group         0x00000000        0x8 I2C/I2C_program.o
 .group         0x00000000        0x8 I2C/I2C_program.o
 .group         0x00000000        0x8 I2C/I2C_program.o
 .group         0x00000000        0x8 I2C/I2C_program.o
 .group         0x00000000        0x8 I2C/I2C_program.o
 .group         0x00000000        0x8 I2C/I2C_program.o
 .group         0x00000000        0x8 I2C/I2C_program.o
 .group         0x00000000        0x8 I2C/I2C_program.o
 .text          0x00000000        0x0 I2C/I2C_program.o
 .data          0x00000000        0x0 I2C/I2C_program.o
 .bss           0x00000000        0x0 I2C/I2C_program.o
 .text.I2C_Master_Init
                0x00000000        0xc I2C/I2C_program.o
 .text.I2C_Slave_Init
                0x00000000        0xc I2C/I2C_program.o
 .text.I2C_START_Condition
                0x00000000       0x1c I2C/I2C_program.o
 .text.I2C_Repeated_Start
                0x00000000       0x1c I2C/I2C_program.o
 .text.I2C_SendSlaveAdress_write
                0x00000000       0x1a I2C/I2C_program.o
 .text.I2C_SendSlaveAdress_Read
                0x00000000       0x1c I2C/I2C_program.o
 .text.I2C_Send_Data
                0x00000000       0x18 I2C/I2C_program.o
 .text.I2C_Read_data
                0x00000000       0x18 I2C/I2C_program.o
 .text.I2C_Stop_condition
                0x00000000       0x14 I2C/I2C_program.o
 .debug_info    0x00000000      0x185 I2C/I2C_program.o
 .debug_abbrev  0x00000000       0xa6 I2C/I2C_program.o
 .debug_loc     0x00000000       0x6f I2C/I2C_program.o
 .debug_aranges
                0x00000000       0x60 I2C/I2C_program.o
 .debug_ranges  0x00000000       0x50 I2C/I2C_program.o
 .debug_macro   0x00000000       0xdf I2C/I2C_program.o
 .debug_macro   0x00000000      0xa4e I2C/I2C_program.o
 .debug_macro   0x00000000       0x10 I2C/I2C_program.o
 .debug_macro   0x00000000       0x10 I2C/I2C_program.o
 .debug_macro   0x00000000      0x1c9 I2C/I2C_program.o
 .debug_macro   0x00000000      0x2fc I2C/I2C_program.o
 .debug_macro   0x00000000       0x9e I2C/I2C_program.o
 .debug_macro   0x00000000      0xc24 I2C/I2C_program.o
 .debug_macro   0x00000000      0x170 I2C/I2C_program.o
 .debug_macro   0x00000000       0xbd I2C/I2C_program.o
 .debug_macro   0x00000000       0x34 I2C/I2C_program.o
 .debug_macro   0x00000000       0x18 I2C/I2C_program.o
 .debug_macro   0x00000000       0x6c I2C/I2C_program.o
 .debug_macro   0x00000000      0x2dc I2C/I2C_program.o
 .debug_macro   0x00000000       0x22 I2C/I2C_program.o
 .debug_macro   0x00000000      0x27b I2C/I2C_program.o
 .debug_macro   0x00000000       0x10 I2C/I2C_program.o
 .debug_macro   0x00000000       0x46 I2C/I2C_program.o
 .debug_line    0x00000000      0x42f I2C/I2C_program.o
 .debug_str     0x00000000     0x7315 I2C/I2C_program.o
 .comment       0x00000000       0x31 I2C/I2C_program.o
 .debug_frame   0x00000000       0xa4 I2C/I2C_program.o
 .group         0x00000000        0x8 LCCD/LCD_PROGRAM.o
 .group         0x00000000        0x8 LCCD/LCD_PROGRAM.o
 .group         0x00000000        0x8 LCCD/LCD_PROGRAM.o
 .group         0x00000000        0x8 LCCD/LCD_PROGRAM.o
 .group         0x00000000        0x8 LCCD/LCD_PROGRAM.o
 .group         0x00000000        0x8 LCCD/LCD_PROGRAM.o
 .group         0x00000000        0x8 LCCD/LCD_PROGRAM.o
 .group         0x00000000        0x8 LCCD/LCD_PROGRAM.o
 .group         0x00000000        0x8 LCCD/LCD_PROGRAM.o
 .group         0x00000000        0x8 LCCD/LCD_PROGRAM.o
 .group         0x00000000        0x8 LCCD/LCD_PROGRAM.o
 .group         0x00000000        0x8 LCCD/LCD_PROGRAM.o
 .group         0x00000000        0x8 LCCD/LCD_PROGRAM.o
 .group         0x00000000        0x8 LCCD/LCD_PROGRAM.o
 .group         0x00000000        0x8 LCCD/LCD_PROGRAM.o
 .group         0x00000000        0x8 LCCD/LCD_PROGRAM.o
 .group         0x00000000        0x8 LCCD/LCD_PROGRAM.o
 .group         0x00000000        0x8 LCCD/LCD_PROGRAM.o
 .group         0x00000000        0x8 LCCD/LCD_PROGRAM.o
 .group         0x00000000        0x8 LCCD/LCD_PROGRAM.o
 .text          0x00000000        0x0 LCCD/LCD_PROGRAM.o
 .data          0x00000000        0x0 LCCD/LCD_PROGRAM.o
 .bss           0x00000000        0x0 LCCD/LCD_PROGRAM.o
 .text.lcd_clear
                0x00000000       0x14 LCCD/LCD_PROGRAM.o
 .debug_macro   0x00000000      0xa4e LCCD/LCD_PROGRAM.o
 .debug_macro   0x00000000       0x10 LCCD/LCD_PROGRAM.o
 .debug_macro   0x00000000      0x1c9 LCCD/LCD_PROGRAM.o
 .debug_macro   0x00000000      0x2fc LCCD/LCD_PROGRAM.o
 .debug_macro   0x00000000       0x9e LCCD/LCD_PROGRAM.o
 .debug_macro   0x00000000      0xc24 LCCD/LCD_PROGRAM.o
 .debug_macro   0x00000000      0x170 LCCD/LCD_PROGRAM.o
 .debug_macro   0x00000000       0xbd LCCD/LCD_PROGRAM.o
 .debug_macro   0x00000000       0x34 LCCD/LCD_PROGRAM.o
 .debug_macro   0x00000000       0x18 LCCD/LCD_PROGRAM.o
 .debug_macro   0x00000000       0x6c LCCD/LCD_PROGRAM.o
 .debug_macro   0x00000000       0x10 LCCD/LCD_PROGRAM.o
 .debug_macro   0x00000000      0x2dc LCCD/LCD_PROGRAM.o
 .debug_macro   0x00000000       0x22 LCCD/LCD_PROGRAM.o
 .debug_macro   0x00000000      0x27b LCCD/LCD_PROGRAM.o
 .debug_macro   0x00000000       0x10 LCCD/LCD_PROGRAM.o
 .group         0x00000000        0x8 main.o
 .group         0x00000000        0x8 main.o
 .group         0x00000000        0x8 main.o
 .group         0x00000000        0x8 main.o
 .group         0x00000000        0x8 main.o
 .group         0x00000000        0x8 main.o
 .group         0x00000000        0x8 main.o
 .group         0x00000000        0x8 main.o
 .group         0x00000000        0x8 main.o
 .group         0x00000000        0x8 main.o
 .group         0x00000000        0x8 main.o
 .group         0x00000000        0x8 main.o
 .group         0x00000000        0x8 main.o
 .group         0x00000000        0x8 main.o
 .group         0x00000000        0x8 main.o
 .group         0x00000000        0x8 main.o
 .group         0x00000000        0x8 main.o
 .group         0x00000000        0x8 main.o
 .group         0x00000000        0x8 main.o
 .group         0x00000000        0x8 main.o
 .group         0x00000000        0x8 main.o
 .group         0x00000000        0x8 main.o
 .group         0x00000000        0x8 main.o
 .group         0x00000000        0x8 main.o
 .group         0x00000000        0x8 main.o
 .group         0x00000000        0x8 main.o
 .group         0x00000000        0x8 main.o
 .group         0x00000000        0x8 main.o
 .group         0x00000000        0x8 main.o
 .group         0x00000000        0x8 main.o
 .group         0x00000000        0x8 main.o
 .group         0x00000000        0x8 main.o
 .group         0x00000000        0x8 main.o
 .text          0x00000000        0x0 main.o
 .data          0x00000000        0x0 main.o
 .bss           0x00000000        0x0 main.o
 .text.set_degree
                0x00000000       0x20 main.o
 .debug_macro   0x00000000      0xa4e main.o
 .debug_macro   0x00000000       0x10 main.o
 .debug_macro   0x00000000      0x1c9 main.o
 .debug_macro   0x00000000      0x2fc main.o
 .debug_macro   0x00000000       0x9e main.o
 .debug_macro   0x00000000      0xc24 main.o
 .debug_macro   0x00000000      0x170 main.o
 .debug_macro   0x00000000       0xbd main.o
 .debug_macro   0x00000000       0x34 main.o
 .debug_macro   0x00000000       0x18 main.o
 .debug_macro   0x00000000       0x6c main.o
 .debug_macro   0x00000000       0x10 main.o
 .debug_macro   0x00000000      0x166 main.o
 .debug_macro   0x00000000       0x10 main.o
 .debug_macro   0x00000000      0x2dc main.o
 .debug_macro   0x00000000       0x22 main.o
 .debug_macro   0x00000000      0x27b main.o
 .debug_macro   0x00000000       0x10 main.o
 .debug_macro   0x00000000       0x40 main.o
 .debug_macro   0x00000000       0x5e main.o
 .debug_macro   0x00000000       0x70 main.o
 .debug_macro   0x00000000       0x46 main.o
 .debug_macro   0x00000000       0x34 main.o
 .debug_macro   0x00000000       0x46 main.o
 .group         0x00000000        0x8 SPI/SPI_program.o
 .group         0x00000000        0x8 SPI/SPI_program.o
 .group         0x00000000        0x8 SPI/SPI_program.o
 .group         0x00000000        0x8 SPI/SPI_program.o
 .group         0x00000000        0x8 SPI/SPI_program.o
 .group         0x00000000        0x8 SPI/SPI_program.o
 .group         0x00000000        0x8 SPI/SPI_program.o
 .group         0x00000000        0x8 SPI/SPI_program.o
 .group         0x00000000        0x8 SPI/SPI_program.o
 .group         0x00000000        0x8 SPI/SPI_program.o
 .group         0x00000000        0x8 SPI/SPI_program.o
 .group         0x00000000        0x8 SPI/SPI_program.o
 .group         0x00000000        0x8 SPI/SPI_program.o
 .group         0x00000000        0x8 SPI/SPI_program.o
 .group         0x00000000        0x8 SPI/SPI_program.o
 .group         0x00000000        0x8 SPI/SPI_program.o
 .group         0x00000000        0x8 SPI/SPI_program.o
 .text          0x00000000        0x0 SPI/SPI_program.o
 .data          0x00000000        0x0 SPI/SPI_program.o
 .bss           0x00000000        0x0 SPI/SPI_program.o
 .text.SPI_MASTER_INIT
                0x00000000       0x1c SPI/SPI_program.o
 .text.SPI_MASTER_INIT_TRANS
                0x00000000        0x4 SPI/SPI_program.o
 .text.SPI_MASTER_TER_TRANS
                0x00000000        0x4 SPI/SPI_program.o
 .text.SPI_TRANSiver
                0x00000000        0xa SPI/SPI_program.o
 .debug_info    0x00000000      0x134 SPI/SPI_program.o
 .debug_abbrev  0x00000000       0xa6 SPI/SPI_program.o
 .debug_loc     0x00000000       0x33 SPI/SPI_program.o
 .debug_aranges
                0x00000000       0x38 SPI/SPI_program.o
 .debug_ranges  0x00000000       0x28 SPI/SPI_program.o
 .debug_macro   0x00000000       0xdf SPI/SPI_program.o
 .debug_macro   0x00000000      0xa4e SPI/SPI_program.o
 .debug_macro   0x00000000       0x10 SPI/SPI_program.o
 .debug_macro   0x00000000       0x10 SPI/SPI_program.o
 .debug_macro   0x00000000      0x1c9 SPI/SPI_program.o
 .debug_macro   0x00000000      0x2fc SPI/SPI_program.o
 .debug_macro   0x00000000       0x9e SPI/SPI_program.o
 .debug_macro   0x00000000      0xc24 SPI/SPI_program.o
 .debug_macro   0x00000000      0x170 SPI/SPI_program.o
 .debug_macro   0x00000000       0xbd SPI/SPI_program.o
 .debug_macro   0x00000000       0x34 SPI/SPI_program.o
 .debug_macro   0x00000000       0x18 SPI/SPI_program.o
 .debug_macro   0x00000000       0x6c SPI/SPI_program.o
 .debug_macro   0x00000000      0x2dc SPI/SPI_program.o
 .debug_macro   0x00000000       0x22 SPI/SPI_program.o
 .debug_macro   0x00000000      0x27b SPI/SPI_program.o
 .debug_macro   0x00000000       0x10 SPI/SPI_program.o
 .debug_macro   0x00000000       0x70 SPI/SPI_program.o
 .debug_line    0x00000000      0x32d SPI/SPI_program.o
 .debug_str     0x00000000     0x72aa SPI/SPI_program.o
 .comment       0x00000000       0x31 SPI/SPI_program.o
 .debug_frame   0x00000000       0x54 SPI/SPI_program.o
 .group         0x00000000        0x8 ssd/ssd_program.o
 .group         0x00000000        0x8 ssd/ssd_program.o
 .group         0x00000000        0x8 ssd/ssd_program.o
 .group         0x00000000        0x8 ssd/ssd_program.o
 .group         0x00000000        0x8 ssd/ssd_program.o
 .group         0x00000000        0x8 ssd/ssd_program.o
 .group         0x00000000        0x8 ssd/ssd_program.o
 .group         0x00000000        0x8 ssd/ssd_program.o
 .group         0x00000000        0x8 ssd/ssd_program.o
 .group         0x00000000        0x8 ssd/ssd_program.o
 .group         0x00000000        0x8 ssd/ssd_program.o
 .group         0x00000000        0x8 ssd/ssd_program.o
 .group         0x00000000        0x8 ssd/ssd_program.o
 .group         0x00000000        0x8 ssd/ssd_program.o
 .group         0x00000000        0x8 ssd/ssd_program.o
 .group         0x00000000        0x8 ssd/ssd_program.o
 .text          0x00000000        0x0 ssd/ssd_program.o
 .data          0x00000000        0x0 ssd/ssd_program.o
 .bss           0x00000000        0x0 ssd/ssd_program.o
 .text.set_one_number
                0x00000000       0x22 ssd/ssd_program.o
 .text.set_two_numbers
                0x00000000       0x32 ssd/ssd_program.o
 .debug_info    0x00000000      0x13b ssd/ssd_program.o
 .debug_abbrev  0x00000000       0xc8 ssd/ssd_program.o
 .debug_loc     0x00000000       0x64 ssd/ssd_program.o
 .debug_aranges
                0x00000000       0x28 ssd/ssd_program.o
 .debug_ranges  0x00000000       0x18 ssd/ssd_program.o
 .debug_macro   0x00000000       0xd0 ssd/ssd_program.o
 .debug_macro   0x00000000      0xa4e ssd/ssd_program.o
 .debug_macro   0x00000000       0x10 ssd/ssd_program.o
 .debug_macro   0x00000000       0x10 ssd/ssd_program.o
 .debug_macro   0x00000000      0x1c9 ssd/ssd_program.o
 .debug_macro   0x00000000      0x2fc ssd/ssd_program.o
 .debug_macro   0x00000000       0x9e ssd/ssd_program.o
 .debug_macro   0x00000000      0xc24 ssd/ssd_program.o
 .debug_macro   0x00000000      0x170 ssd/ssd_program.o
 .debug_macro   0x00000000       0xbd ssd/ssd_program.o
 .debug_macro   0x00000000       0x34 ssd/ssd_program.o
 .debug_macro   0x00000000       0x18 ssd/ssd_program.o
 .debug_macro   0x00000000       0x6c ssd/ssd_program.o
 .debug_macro   0x00000000      0x2dc ssd/ssd_program.o
 .debug_macro   0x00000000       0x22 ssd/ssd_program.o
 .debug_macro   0x00000000      0x27b ssd/ssd_program.o
 .debug_macro   0x00000000       0x10 ssd/ssd_program.o
 .debug_line    0x00000000      0x2df ssd/ssd_program.o
 .debug_str     0x00000000     0x719c ssd/ssd_program.o
 .comment       0x00000000       0x31 ssd/ssd_program.o
 .debug_frame   0x00000000       0x3c ssd/ssd_program.o
 .group         0x00000000        0x8 Timer/timer.o
 .group         0x00000000        0x8 Timer/timer.o
 .group         0x00000000        0x8 Timer/timer.o
 .group         0x00000000        0x8 Timer/timer.o
 .group         0x00000000        0x8 Timer/timer.o
 .group         0x00000000        0x8 Timer/timer.o
 .group         0x00000000        0x8 Timer/timer.o
 .group         0x00000000        0x8 Timer/timer.o
 .group         0x00000000        0x8 Timer/timer.o
 .group         0x00000000        0x8 Timer/timer.o
 .group         0x00000000        0x8 Timer/timer.o
 .group         0x00000000        0x8 Timer/timer.o
 .group         0x00000000        0x8 Timer/timer.o
 .group         0x00000000        0x8 Timer/timer.o
 .group         0x00000000        0x8 Timer/timer.o
 .group         0x00000000        0x8 Timer/timer.o
 .group         0x00000000        0x8 Timer/timer.o
 .group         0x00000000        0x8 Timer/timer.o
 .text          0x00000000        0x0 Timer/timer.o
 .data          0x00000000        0x0 Timer/timer.o
 .bss           0x00000000        0x0 Timer/timer.o
 .text.SETCALLBACK_TIMER1_OVR
                0x00000000        0xa Timer/timer.o
 .text.SETCALLBACK_TIMER0_OCR
                0x00000000        0xa Timer/timer.o
 .text.timer_OCR
                0x00000000        0x4 Timer/timer.o
 .text.PWM0_Init
                0x00000000        0x8 Timer/timer.o
 .text.PWM0_GEN
                0x00000000       0x12 Timer/timer.o
 .text.PWM0_Start
                0x00000000        0x8 Timer/timer.o
 .text.timer1_init
                0x00000000       0x1a Timer/timer.o
 .debug_macro   0x00000000      0xa4e Timer/timer.o
 .debug_macro   0x00000000       0x10 Timer/timer.o
 .debug_macro   0x00000000      0x1c9 Timer/timer.o
 .debug_macro   0x00000000      0x2fc Timer/timer.o
 .debug_macro   0x00000000       0x9e Timer/timer.o
 .debug_macro   0x00000000      0xc24 Timer/timer.o
 .debug_macro   0x00000000      0x170 Timer/timer.o
 .debug_macro   0x00000000       0xbd Timer/timer.o
 .debug_macro   0x00000000       0x34 Timer/timer.o
 .debug_macro   0x00000000       0x18 Timer/timer.o
 .debug_macro   0x00000000       0x6c Timer/timer.o
 .debug_macro   0x00000000       0x63 Timer/timer.o
 .debug_macro   0x00000000       0x10 Timer/timer.o
 .debug_macro   0x00000000      0x2dc Timer/timer.o
 .debug_macro   0x00000000       0x22 Timer/timer.o
 .debug_macro   0x00000000      0x27b Timer/timer.o
 .debug_macro   0x00000000       0x10 Timer/timer.o
 .debug_macro   0x00000000       0x70 Timer/timer.o
 .group         0x00000000        0x8 UART/UART_program.o
 .group         0x00000000        0x8 UART/UART_program.o
 .group         0x00000000        0x8 UART/UART_program.o
 .group         0x00000000        0x8 UART/UART_program.o
 .group         0x00000000        0x8 UART/UART_program.o
 .group         0x00000000        0x8 UART/UART_program.o
 .group         0x00000000        0x8 UART/UART_program.o
 .group         0x00000000        0x8 UART/UART_program.o
 .group         0x00000000        0x8 UART/UART_program.o
 .group         0x00000000        0x8 UART/UART_program.o
 .group         0x00000000        0x8 UART/UART_program.o
 .group         0x00000000        0x8 UART/UART_program.o
 .group         0x00000000        0x8 UART/UART_program.o
 .group         0x00000000        0x8 UART/UART_program.o
 .group         0x00000000        0x8 UART/UART_program.o
 .group         0x00000000        0x8 UART/UART_program.o
 .group         0x00000000        0x8 UART/UART_program.o
 .text          0x00000000        0x0 UART/UART_program.o
 .data          0x00000000        0x0 UART/UART_program.o
 .bss           0x00000000        0x0 UART/UART_program.o
 .text.UART_Init
                0x00000000       0x34 UART/UART_program.o
 .text.UART_Tx  0x00000000        0x8 UART/UART_program.o
 .text.UART_Rx  0x00000000        0x8 UART/UART_program.o
 .text.UART_TXString
                0x00000000       0x2c UART/UART_program.o
 .debug_info    0x00000000      0x152 UART/UART_program.o
 .debug_abbrev  0x00000000       0xec UART/UART_program.o
 .debug_loc     0x00000000       0xc3 UART/UART_program.o
 .debug_aranges
                0x00000000       0x38 UART/UART_program.o
 .debug_ranges  0x00000000       0x28 UART/UART_program.o
 .debug_macro   0x00000000       0xeb UART/UART_program.o
 .debug_macro   0x00000000      0xa4e UART/UART_program.o
 .debug_macro   0x00000000       0x10 UART/UART_program.o
 .debug_macro   0x00000000       0x10 UART/UART_program.o
 .debug_macro   0x00000000      0x1c9 UART/UART_program.o
 .debug_macro   0x00000000      0x2fc UART/UART_program.o
 .debug_macro   0x00000000       0x9e UART/UART_program.o
 .debug_macro   0x00000000      0xc24 UART/UART_program.o
 .debug_macro   0x00000000      0x170 UART/UART_program.o
 .debug_macro   0x00000000       0xbd UART/UART_program.o
 .debug_macro   0x00000000       0x34 UART/UART_program.o
 .debug_macro   0x00000000       0x18 UART/UART_program.o
 .debug_macro   0x00000000       0x6c UART/UART_program.o
 .debug_macro   0x00000000      0x2dc UART/UART_program.o
 .debug_macro   0x00000000       0x22 UART/UART_program.o
 .debug_macro   0x00000000      0x27b UART/UART_program.o
 .debug_macro   0x00000000       0x10 UART/UART_program.o
 .debug_macro   0x00000000       0x9a UART/UART_program.o
 .debug_line    0x00000000      0x357 UART/UART_program.o
 .debug_str     0x00000000     0x72fc UART/UART_program.o
 .comment       0x00000000       0x31 UART/UART_program.o
 .debug_frame   0x00000000       0x64 UART/UART_program.o
 .text          0x00000000        0x0 c:/program files (x86)/atmel/studio/7.0/toolchain/avr8/avr8-gnu-toolchain/bin/../lib/gcc/avr/5.4.0/../../../../avr/lib/avr5\libm.a(addsf3.o)
 .data          0x00000000        0x0 c:/program files (x86)/atmel/studio/7.0/toolchain/avr8/avr8-gnu-toolchain/bin/../lib/gcc/avr/5.4.0/../../../../avr/lib/avr5\libm.a(addsf3.o)
 .bss           0x00000000        0x0 c:/program files (x86)/atmel/studio/7.0/toolchain/avr8/avr8-gnu-toolchain/bin/../lib/gcc/avr/5.4.0/../../../../avr/lib/avr5\libm.a(addsf3.o)
 .text          0x00000000        0x0 c:/program files (x86)/atmel/studio/7.0/toolchain/avr8/avr8-gnu-toolchain/bin/../lib/gcc/avr/5.4.0/../../../../avr/lib/avr5\libm.a(addsf3x.o)
 .data          0x00000000        0x0 c:/program files (x86)/atmel/studio/7.0/toolchain/avr8/avr8-gnu-toolchain/bin/../lib/gcc/avr/5.4.0/../../../../avr/lib/avr5\libm.a(addsf3x.o)
 .bss           0x00000000        0x0 c:/program files (x86)/atmel/studio/7.0/toolchain/avr8/avr8-gnu-toolchain/bin/../lib/gcc/avr/5.4.0/../../../../avr/lib/avr5\libm.a(addsf3x.o)
 .text          0x00000000        0x0 c:/program files (x86)/atmel/studio/7.0/toolchain/avr8/avr8-gnu-toolchain/bin/../lib/gcc/avr/5.4.0/../../../../avr/lib/avr5\libm.a(fixsfsi.o)
 .data          0x00000000        0x0 c:/program files (x86)/atmel/studio/7.0/toolchain/avr8/avr8-gnu-toolchain/bin/../lib/gcc/avr/5.4.0/../../../../avr/lib/avr5\libm.a(fixsfsi.o)
 .bss           0x00000000        0x0 c:/program files (x86)/atmel/studio/7.0/toolchain/avr8/avr8-gnu-toolchain/bin/../lib/gcc/avr/5.4.0/../../../../avr/lib/avr5\libm.a(fixsfsi.o)
 .text          0x00000000        0x0 c:/program files (x86)/atmel/studio/7.0/toolchain/avr8/avr8-gnu-toolchain/bin/../lib/gcc/avr/5.4.0/../../../../avr/lib/avr5\libm.a(fixunssfsi.o)
 .data          0x00000000        0x0 c:/program files (x86)/atmel/studio/7.0/toolchain/avr8/avr8-gnu-toolchain/bin/../lib/gcc/avr/5.4.0/../../../../avr/lib/avr5\libm.a(fixunssfsi.o)
 .bss           0x00000000        0x0 c:/program files (x86)/atmel/studio/7.0/toolchain/avr8/avr8-gnu-toolchain/bin/../lib/gcc/avr/5.4.0/../../../../avr/lib/avr5\libm.a(fixunssfsi.o)
 .text          0x00000000        0x0 c:/program files (x86)/atmel/studio/7.0/toolchain/avr8/avr8-gnu-toolchain/bin/../lib/gcc/avr/5.4.0/../../../../avr/lib/avr5\libm.a(floatsisf.o)
 .data          0x00000000        0x0 c:/program files (x86)/atmel/studio/7.0/toolchain/avr8/avr8-gnu-toolchain/bin/../lib/gcc/avr/5.4.0/../../../../avr/lib/avr5\libm.a(floatsisf.o)
 .bss           0x00000000        0x0 c:/program files (x86)/atmel/studio/7.0/toolchain/avr8/avr8-gnu-toolchain/bin/../lib/gcc/avr/5.4.0/../../../../avr/lib/avr5\libm.a(floatsisf.o)
 .text          0x00000000        0x0 c:/program files (x86)/atmel/studio/7.0/toolchain/avr8/avr8-gnu-toolchain/bin/../lib/gcc/avr/5.4.0/../../../../avr/lib/avr5\libm.a(fp_inf.o)
 .data          0x00000000        0x0 c:/program files (x86)/atmel/studio/7.0/toolchain/avr8/avr8-gnu-toolchain/bin/../lib/gcc/avr/5.4.0/../../../../avr/lib/avr5\libm.a(fp_inf.o)
 .bss           0x00000000        0x0 c:/program files (x86)/atmel/studio/7.0/toolchain/avr8/avr8-gnu-toolchain/bin/../lib/gcc/avr/5.4.0/../../../../avr/lib/avr5\libm.a(fp_inf.o)
 .text          0x00000000        0x0 c:/program files (x86)/atmel/studio/7.0/toolchain/avr8/avr8-gnu-toolchain/bin/../lib/gcc/avr/5.4.0/../../../../avr/lib/avr5\libm.a(fp_nan.o)
 .data          0x00000000        0x0 c:/program files (x86)/atmel/studio/7.0/toolchain/avr8/avr8-gnu-toolchain/bin/../lib/gcc/avr/5.4.0/../../../../avr/lib/avr5\libm.a(fp_nan.o)
 .bss           0x00000000        0x0 c:/program files (x86)/atmel/studio/7.0/toolchain/avr8/avr8-gnu-toolchain/bin/../lib/gcc/avr/5.4.0/../../../../avr/lib/avr5\libm.a(fp_nan.o)
 .text          0x00000000        0x0 c:/program files (x86)/atmel/studio/7.0/toolchain/avr8/avr8-gnu-toolchain/bin/../lib/gcc/avr/5.4.0/../../../../avr/lib/avr5\libm.a(fp_pscA.o)
 .data          0x00000000        0x0 c:/program files (x86)/atmel/studio/7.0/toolchain/avr8/avr8-gnu-toolchain/bin/../lib/gcc/avr/5.4.0/../../../../avr/lib/avr5\libm.a(fp_pscA.o)
 .bss           0x00000000        0x0 c:/program files (x86)/atmel/studio/7.0/toolchain/avr8/avr8-gnu-toolchain/bin/../lib/gcc/avr/5.4.0/../../../../avr/lib/avr5\libm.a(fp_pscA.o)
 .text          0x00000000        0x0 c:/program files (x86)/atmel/studio/7.0/toolchain/avr8/avr8-gnu-toolchain/bin/../lib/gcc/avr/5.4.0/../../../../avr/lib/avr5\libm.a(fp_pscB.o)
 .data          0x00000000        0x0 c:/program files (x86)/atmel/studio/7.0/toolchain/avr8/avr8-gnu-toolchain/bin/../lib/gcc/avr/5.4.0/../../../../avr/lib/avr5\libm.a(fp_pscB.o)
 .bss           0x00000000        0x0 c:/program files (x86)/atmel/studio/7.0/toolchain/avr8/avr8-gnu-toolchain/bin/../lib/gcc/avr/5.4.0/../../../../avr/lib/avr5\libm.a(fp_pscB.o)
 .text          0x00000000        0x0 c:/program files (x86)/atmel/studio/7.0/toolchain/avr8/avr8-gnu-toolchain/bin/../lib/gcc/avr/5.4.0/../../../../avr/lib/avr5\libm.a(fp_round.o)
 .data          0x00000000        0x0 c:/program files (x86)/atmel/studio/7.0/toolchain/avr8/avr8-gnu-toolchain/bin/../lib/gcc/avr/5.4.0/../../../../avr/lib/avr5\libm.a(fp_round.o)
 .bss           0x00000000        0x0 c:/program files (x86)/atmel/studio/7.0/toolchain/avr8/avr8-gnu-toolchain/bin/../lib/gcc/avr/5.4.0/../../../../avr/lib/avr5\libm.a(fp_round.o)
 .text          0x00000000        0x0 c:/program files (x86)/atmel/studio/7.0/toolchain/avr8/avr8-gnu-toolchain/bin/../lib/gcc/avr/5.4.0/../../../../avr/lib/avr5\libm.a(fp_split3.o)
 .data          0x00000000        0x0 c:/program files (x86)/atmel/studio/7.0/toolchain/avr8/avr8-gnu-toolchain/bin/../lib/gcc/avr/5.4.0/../../../../avr/lib/avr5\libm.a(fp_split3.o)
 .bss           0x00000000        0x0 c:/program files (x86)/atmel/studio/7.0/toolchain/avr8/avr8-gnu-toolchain/bin/../lib/gcc/avr/5.4.0/../../../../avr/lib/avr5\libm.a(fp_split3.o)
 .text          0x00000000        0x0 c:/program files (x86)/atmel/studio/7.0/toolchain/avr8/avr8-gnu-toolchain/bin/../lib/gcc/avr/5.4.0/../../../../avr/lib/avr5\libm.a(fp_zero.o)
 .data          0x00000000        0x0 c:/program files (x86)/atmel/studio/7.0/toolchain/avr8/avr8-gnu-toolchain/bin/../lib/gcc/avr/5.4.0/../../../../avr/lib/avr5\libm.a(fp_zero.o)
 .bss           0x00000000        0x0 c:/program files (x86)/atmel/studio/7.0/toolchain/avr8/avr8-gnu-toolchain/bin/../lib/gcc/avr/5.4.0/../../../../avr/lib/avr5\libm.a(fp_zero.o)
 .text          0x00000000        0x0 c:/program files (x86)/atmel/studio/7.0/toolchain/avr8/avr8-gnu-toolchain/bin/../lib/gcc/avr/5.4.0/avr5\libgcc.a(_divmodhi4.o)
 .data          0x00000000        0x0 c:/program files (x86)/atmel/studio/7.0/toolchain/avr8/avr8-gnu-toolchain/bin/../lib/gcc/avr/5.4.0/avr5\libgcc.a(_divmodhi4.o)
 .bss           0x00000000        0x0 c:/program files (x86)/atmel/studio/7.0/toolchain/avr8/avr8-gnu-toolchain/bin/../lib/gcc/avr/5.4.0/avr5\libgcc.a(_divmodhi4.o)
 .text.libgcc.mul
                0x00000000        0x0 c:/program files (x86)/atmel/studio/7.0/toolchain/avr8/avr8-gnu-toolchain/bin/../lib/gcc/avr/5.4.0/avr5\libgcc.a(_divmodhi4.o)
 .text.libgcc   0x00000000        0x0 c:/program files (x86)/atmel/studio/7.0/toolchain/avr8/avr8-gnu-toolchain/bin/../lib/gcc/avr/5.4.0/avr5\libgcc.a(_divmodhi4.o)
 .text.libgcc.prologue
                0x00000000        0x0 c:/program files (x86)/atmel/studio/7.0/toolchain/avr8/avr8-gnu-toolchain/bin/../lib/gcc/avr/5.4.0/avr5\libgcc.a(_divmodhi4.o)
 .text.libgcc.builtins
                0x00000000        0x0 c:/program files (x86)/atmel/studio/7.0/toolchain/avr8/avr8-gnu-toolchain/bin/../lib/gcc/avr/5.4.0/avr5\libgcc.a(_divmodhi4.o)
 .text.libgcc.fmul
                0x00000000        0x0 c:/program files (x86)/atmel/studio/7.0/toolchain/avr8/avr8-gnu-toolchain/bin/../lib/gcc/avr/5.4.0/avr5\libgcc.a(_divmodhi4.o)
 .text.libgcc.fixed
                0x00000000        0x0 c:/program files (x86)/atmel/studio/7.0/toolchain/avr8/avr8-gnu-toolchain/bin/../lib/gcc/avr/5.4.0/avr5\libgcc.a(_divmodhi4.o)
 .text          0x00000000        0x0 c:/program files (x86)/atmel/studio/7.0/toolchain/avr8/avr8-gnu-toolchain/bin/../lib/gcc/avr/5.4.0/avr5\libgcc.a(_exit.o)
 .data          0x00000000        0x0 c:/program files (x86)/atmel/studio/7.0/toolchain/avr8/avr8-gnu-toolchain/bin/../lib/gcc/avr/5.4.0/avr5\libgcc.a(_exit.o)
 .bss           0x00000000        0x0 c:/program files (x86)/atmel/studio/7.0/toolchain/avr8/avr8-gnu-toolchain/bin/../lib/gcc/avr/5.4.0/avr5\libgcc.a(_exit.o)
 .text.libgcc.mul
                0x00000000        0x0 c:/program files (x86)/atmel/studio/7.0/toolchain/avr8/avr8-gnu-toolchain/bin/../lib/gcc/avr/5.4.0/avr5\libgcc.a(_exit.o)
 .text.libgcc.div
                0x00000000        0x0 c:/program files (x86)/atmel/studio/7.0/toolchain/avr8/avr8-gnu-toolchain/bin/../lib/gcc/avr/5.4.0/avr5\libgcc.a(_exit.o)
 .text.libgcc   0x00000000        0x0 c:/program files (x86)/atmel/studio/7.0/toolchain/avr8/avr8-gnu-toolchain/bin/../lib/gcc/avr/5.4.0/avr5\libgcc.a(_exit.o)
 .text.libgcc.prologue
                0x00000000        0x0 c:/program files (x86)/atmel/studio/7.0/toolchain/avr8/avr8-gnu-toolchain/bin/../lib/gcc/avr/5.4.0/avr5\libgcc.a(_exit.o)
 .text.libgcc.builtins
                0x00000000        0x0 c:/program files (x86)/atmel/studio/7.0/toolchain/avr8/avr8-gnu-toolchain/bin/../lib/gcc/avr/5.4.0/avr5\libgcc.a(_exit.o)
 .text.libgcc.fmul
                0x00000000        0x0 c:/program files (x86)/atmel/studio/7.0/toolchain/avr8/avr8-gnu-toolchain/bin/../lib/gcc/avr/5.4.0/avr5\libgcc.a(_exit.o)
 .text.libgcc.fixed
                0x00000000        0x0 c:/program files (x86)/atmel/studio/7.0/toolchain/avr8/avr8-gnu-toolchain/bin/../lib/gcc/avr/5.4.0/avr5\libgcc.a(_exit.o)
 .text          0x00000000        0x0 c:/program files (x86)/atmel/studio/7.0/toolchain/avr8/avr8-gnu-toolchain/bin/../lib/gcc/avr/5.4.0/avr5\libgcc.a(_copy_data.o)
 .data          0x00000000        0x0 c:/program files (x86)/atmel/studio/7.0/toolchain/avr8/avr8-gnu-toolchain/bin/../lib/gcc/avr/5.4.0/avr5\libgcc.a(_copy_data.o)
 .bss           0x00000000        0x0 c:/program files (x86)/atmel/studio/7.0/toolchain/avr8/avr8-gnu-toolchain/bin/../lib/gcc/avr/5.4.0/avr5\libgcc.a(_copy_data.o)
 .text.libgcc.mul
                0x00000000        0x0 c:/program files (x86)/atmel/studio/7.0/toolchain/avr8/avr8-gnu-toolchain/bin/../lib/gcc/avr/5.4.0/avr5\libgcc.a(_copy_data.o)
 .text.libgcc.div
                0x00000000        0x0 c:/program files (x86)/atmel/studio/7.0/toolchain/avr8/avr8-gnu-toolchain/bin/../lib/gcc/avr/5.4.0/avr5\libgcc.a(_copy_data.o)
 .text.libgcc   0x00000000        0x0 c:/program files (x86)/atmel/studio/7.0/toolchain/avr8/avr8-gnu-toolchain/bin/../lib/gcc/avr/5.4.0/avr5\libgcc.a(_copy_data.o)
 .text.libgcc.prologue
                0x00000000        0x0 c:/program files (x86)/atmel/studio/7.0/toolchain/avr8/avr8-gnu-toolchain/bin/../lib/gcc/avr/5.4.0/avr5\libgcc.a(_copy_data.o)
 .text.libgcc.builtins
                0x00000000        0x0 c:/program files (x86)/atmel/studio/7.0/toolchain/avr8/avr8-gnu-toolchain/bin/../lib/gcc/avr/5.4.0/avr5\libgcc.a(_copy_data.o)
 .text.libgcc.fmul
                0x00000000        0x0 c:/program files (x86)/atmel/studio/7.0/toolchain/avr8/avr8-gnu-toolchain/bin/../lib/gcc/avr/5.4.0/avr5\libgcc.a(_copy_data.o)
 .text.libgcc.fixed
                0x00000000        0x0 c:/program files (x86)/atmel/studio/7.0/toolchain/avr8/avr8-gnu-toolchain/bin/../lib/gcc/avr/5.4.0/avr5\libgcc.a(_copy_data.o)
 .text          0x00000000        0x0 c:/program files (x86)/atmel/studio/7.0/toolchain/avr8/avr8-gnu-toolchain/bin/../lib/gcc/avr/5.4.0/avr5\libgcc.a(_clear_bss.o)
 .data          0x00000000        0x0 c:/program files (x86)/atmel/studio/7.0/toolchain/avr8/avr8-gnu-toolchain/bin/../lib/gcc/avr/5.4.0/avr5\libgcc.a(_clear_bss.o)
 .bss           0x00000000        0x0 c:/program files (x86)/atmel/studio/7.0/toolchain/avr8/avr8-gnu-toolchain/bin/../lib/gcc/avr/5.4.0/avr5\libgcc.a(_clear_bss.o)
 .text.libgcc.mul
                0x00000000        0x0 c:/program files (x86)/atmel/studio/7.0/toolchain/avr8/avr8-gnu-toolchain/bin/../lib/gcc/avr/5.4.0/avr5\libgcc.a(_clear_bss.o)
 .text.libgcc.div
                0x00000000        0x0 c:/program files (x86)/atmel/studio/7.0/toolchain/avr8/avr8-gnu-toolchain/bin/../lib/gcc/avr/5.4.0/avr5\libgcc.a(_clear_bss.o)
 .text.libgcc   0x00000000        0x0 c:/program files (x86)/atmel/studio/7.0/toolchain/avr8/avr8-gnu-toolchain/bin/../lib/gcc/avr/5.4.0/avr5\libgcc.a(_clear_bss.o)
 .text.libgcc.prologue
                0x00000000        0x0 c:/program files (x86)/atmel/studio/7.0/toolchain/avr8/avr8-gnu-toolchain/bin/../lib/gcc/avr/5.4.0/avr5\libgcc.a(_clear_bss.o)
 .text.libgcc.builtins
                0x00000000        0x0 c:/program files (x86)/atmel/studio/7.0/toolchain/avr8/avr8-gnu-toolchain/bin/../lib/gcc/avr/5.4.0/avr5\libgcc.a(_clear_bss.o)
 .text.libgcc.fmul
                0x00000000        0x0 c:/program files (x86)/atmel/studio/7.0/toolchain/avr8/avr8-gnu-toolchain/bin/../lib/gcc/avr/5.4.0/avr5\libgcc.a(_clear_bss.o)
 .text.libgcc.fixed
                0x00000000        0x0 c:/program files (x86)/atmel/studio/7.0/toolchain/avr8/avr8-gnu-toolchain/bin/../lib/gcc/avr/5.4.0/avr5\libgcc.a(_clear_bss.o)
 .text          0x00000000        0x0 c:/program files (x86)/atmel/studio/7.0/toolchain/avr8/avr8-gnu-toolchain/bin/../lib/gcc/avr/5.4.0/avr5\libgcc.a(_udivmodhi4.o)
 .data          0x00000000        0x0 c:/program files (x86)/atmel/studio/7.0/toolchain/avr8/avr8-gnu-toolchain/bin/../lib/gcc/avr/5.4.0/avr5\libgcc.a(_udivmodhi4.o)
 .bss           0x00000000        0x0 c:/program files (x86)/atmel/studio/7.0/toolchain/avr8/avr8-gnu-toolchain/bin/../lib/gcc/avr/5.4.0/avr5\libgcc.a(_udivmodhi4.o)
 .text.libgcc.mul
                0x00000000        0x0 c:/program files (x86)/atmel/studio/7.0/toolchain/avr8/avr8-gnu-toolchain/bin/../lib/gcc/avr/5.4.0/avr5\libgcc.a(_udivmodhi4.o)
 .text.libgcc   0x00000000        0x0 c:/program files (x86)/atmel/studio/7.0/toolchain/avr8/avr8-gnu-toolchain/bin/../lib/gcc/avr/5.4.0/avr5\libgcc.a(_udivmodhi4.o)
 .text.libgcc.prologue
                0x00000000        0x0 c:/program files (x86)/atmel/studio/7.0/toolchain/avr8/avr8-gnu-toolchain/bin/../lib/gcc/avr/5.4.0/avr5\libgcc.a(_udivmodhi4.o)
 .text.libgcc.builtins
                0x00000000        0x0 c:/program files (x86)/atmel/studio/7.0/toolchain/avr8/avr8-gnu-toolchain/bin/../lib/gcc/avr/5.4.0/avr5\libgcc.a(_udivmodhi4.o)
 .text.libgcc.fmul
                0x00000000        0x0 c:/program files (x86)/atmel/studio/7.0/toolchain/avr8/avr8-gnu-toolchain/bin/../lib/gcc/avr/5.4.0/avr5\libgcc.a(_udivmodhi4.o)
 .text.libgcc.fixed
                0x00000000        0x0 c:/program files (x86)/atmel/studio/7.0/toolchain/avr8/avr8-gnu-toolchain/bin/../lib/gcc/avr/5.4.0/avr5\libgcc.a(_udivmodhi4.o)
 .text          0x00000000        0x0 c:/program files (x86)/atmel/studio/7.0/toolchain/avr8/avr8-gnu-toolchain/bin/../lib/gcc/avr/5.4.0/../../../../avr/lib/avr5\libc.a(itoa_ncheck.o)
 .data          0x00000000        0x0 c:/program files (x86)/atmel/studio/7.0/toolchain/avr8/avr8-gnu-toolchain/bin/../lib/gcc/avr/5.4.0/../../../../avr/lib/avr5\libc.a(itoa_ncheck.o)
 .bss           0x00000000        0x0 c:/program files (x86)/atmel/studio/7.0/toolchain/avr8/avr8-gnu-toolchain/bin/../lib/gcc/avr/5.4.0/../../../../avr/lib/avr5\libc.a(itoa_ncheck.o)
 .text          0x00000000        0x0 c:/program files (x86)/atmel/studio/7.0/toolchain/avr8/avr8-gnu-toolchain/bin/../lib/gcc/avr/5.4.0/../../../../avr/lib/avr5\libc.a(utoa_ncheck.o)
 .data          0x00000000        0x0 c:/program files (x86)/atmel/studio/7.0/toolchain/avr8/avr8-gnu-toolchain/bin/../lib/gcc/avr/5.4.0/../../../../avr/lib/avr5\libc.a(utoa_ncheck.o)
 .bss           0x00000000        0x0 c:/program files (x86)/atmel/studio/7.0/toolchain/avr8/avr8-gnu-toolchain/bin/../lib/gcc/avr/5.4.0/../../../../avr/lib/avr5\libc.a(utoa_ncheck.o)
 .text          0x00000000        0x0 c:/program files (x86)/atmel/studio/7.0/toolchain/avr8/avr8-gnu-toolchain/bin/../lib/gcc/avr/5.4.0/../../../../avr/lib/avr5\libc.a(strrev.o)
 .data          0x00000000        0x0 c:/program files (x86)/atmel/studio/7.0/toolchain/avr8/avr8-gnu-toolchain/bin/../lib/gcc/avr/5.4.0/../../../../avr/lib/avr5\libc.a(strrev.o)
 .bss           0x00000000        0x0 c:/program files (x86)/atmel/studio/7.0/toolchain/avr8/avr8-gnu-toolchain/bin/../lib/gcc/avr/5.4.0/../../../../avr/lib/avr5\libc.a(strrev.o)

Memory Configuration

Name             Origin             Length             Attributes
text             0x00000000         0x00008000         xr
data             0x00800060         0x00000800         rw !x
eeprom           0x00810000         0x00000400         rw !x
fuse             0x00820000         0x00000002         rw !x
lock             0x00830000         0x00000400         rw !x
signature        0x00840000         0x00000400         rw !x
user_signatures  0x00850000         0x00000400         rw !x
*default*        0x00000000         0xffffffff

Linker script and memory map

LOAD C:/Program Files (x86)/Atmel/Studio/7.0/Packs/atmel/ATmega_DFP/1.6.364/gcc/dev/atmega32/avr5/crtatmega32.o
LOAD ADC/ADC_program.o
LOAD basics/PINS_Direction.o
LOAD DC Motor/DC_MOTOR_program.o
LOAD interrupt/External_interrupt.o
LOAD I2C/I2C_program.o
LOAD LCCD/LCD_PROGRAM.o
LOAD main.o
LOAD SPI/SPI_program.o
LOAD ssd/ssd_program.o
LOAD Timer/timer.o
LOAD UART/UART_program.o
START GROUP
LOAD c:/program files (x86)/atmel/studio/7.0/toolchain/avr8/avr8-gnu-toolchain/bin/../lib/gcc/avr/5.4.0/../../../../avr/lib/avr5\libm.a
END GROUP
START GROUP
LOAD c:/program files (x86)/atmel/studio/7.0/toolchain/avr8/avr8-gnu-toolchain/bin/../lib/gcc/avr/5.4.0/avr5\libgcc.a
LOAD c:/program files (x86)/atmel/studio/7.0/toolchain/avr8/avr8-gnu-toolchain/bin/../lib/gcc/avr/5.4.0/../../../../avr/lib/avr5\libm.a
LOAD c:/program files (x86)/atmel/studio/7.0/toolchain/avr8/avr8-gnu-toolchain/bin/../lib/gcc/avr/5.4.0/../../../../avr/lib/avr5\libc.a
LOAD C:/Program Files (x86)/Atmel/Studio/7.0/Packs/atmel/ATmega_DFP/1.6.364/gcc/dev/atmega32/avr5\libatmega32.a
END GROUP
                0x00000000                __TEXT_REGION_ORIGIN__ = DEFINED (__TEXT_REGION_ORIGIN__)?__TEXT_REGION_ORIGIN__:0x0
                [0x00800060]                __DATA_REGION_ORIGIN__ = DEFINED (__DATA_REGION_ORIGIN__)?__DATA_REGION_ORIGIN__:0x800060
                [0x00008000]                __TEXT_REGION_LENGTH__ = DEFINED (__TEXT_REGION_LENGTH__)?__TEXT_REGION_LENGTH__:0x20000
                [0x00000800]                __DATA_REGION_LENGTH__ = DEFINED (__DATA_REGION_LENGTH__)?__DATA_REGION_LENGTH__:0xffa0
                [0x00000400]                __EEPROM_REGION_LENGTH__ = DEFINED (__EEPROM_REGION_LENGTH__)?__EEPROM_REGION_LENGTH__:0x10000
                [0x00000002]                __FUSE_REGION_LENGTH__ = DEFINED (__FUSE_REGION_LENGTH__)?__FUSE_REGION_LENGTH__:0x400
                0x00000400                __LOCK_REGION_LENGTH__ = DEFINED (__LOCK_REGION_LENGTH__)?__LOCK_REGION_LENGTH__:0x400
                0x00000400                __SIGNATURE_REGION_LENGTH__ = DEFINED (__SIGNATURE_REGION_LENGTH__)?__SIGNATURE_REGION_LENGTH__:0x400
                0x00000400                __USER_SIGNATURE_REGION_LENGTH__ = DEFINED (__USER_SIGNATURE_REGION_LENGTH__)?__USER_SIGNATURE_REGION_LENGTH__:0x400

.hash
 *(.hash)

.dynsym
 *(.dynsym)

.dynstr
 *(.dynstr)

.gnu.version
 *(.gnu.version)

.gnu.version_d
 *(.gnu.version_d)

.gnu.version_r
 *(.gnu.version_r)

.rel.init
 *(.rel.init)

.rela.init
 *(.rela.init)

.rel.text
 *(.rel.text)
 *(.rel.text.*)
 *(.rel.gnu.linkonce.t*)

.rela.text
 *(.rela.text)
 *(.rela.text.*)
 *(.rela.gnu.linkonce.t*)

.rel.fini
 *(.rel.fini)

.rela.fini
 *(.rela.fini)

.rel.rodata
 *(.rel.rodata)
 *(.rel.rodata.*)
 *(.rel.gnu.linkonce.r*)

.rela.rodata
 *(.rela.rodata)
 *(.rela.rodata.*)
 *(.rela.gnu.linkonce.r*)

.rel.data
 *(.rel.data)
 *(.rel.data.*)
 *(.rel.gnu.linkonce.d*)

.rela.data
 *(.rela.data)
 *(.rela.data.*)
 *(.rela.gnu.linkonce.d*)

.rel.ctors
 *(.rel.ctors)

.rela.ctors
 *(.rela.ctors)

.rel.dtors
 *(.rel.dtors)

.rela.dtors
 *(.rela.dtors)

.rel.got
 *(.rel.got)

.rela.got
 *(.rela.got)

.rel.bss
 *(.rel.bss)

.rela.bss
 *(.rela.bss)

.rel.plt
 *(.rel.plt)

.rela.plt
 *(.rela.plt)

.text           0x00000000      0x99c
 *(.vectors)
 .vectors       0x00000000       0x54 C:/Program Files (x86)/Atmel/Studio/7.0/Packs/atmel/ATmega_DFP/1.6.364/gcc/dev/atmega32/avr5/crtatmega32.o
                0x00000000                __vector_default
                0x00000000                __vectors
 *(.vectors)
 *(.progmem.gcc*)
                0x00000054                . = ALIGN (0x2)
                0x00000054                __trampolines_start = .
 *(.trampolines)
 .trampolines   0x00000054        0x0 linker stubs
 *(.trampolines*)
                0x00000054                __trampolines_end = .
 *libprintf_flt.a:*(.progmem.data)
 *libc.a:*(.progmem.data)
 *(.progmem*)
                0x00000054                . = ALIGN (0x2)
 *(.jumptables)
 *(.jumptables*)
 *(.lowtext)
 *(.lowtext*)
                0x00000054                __ctors_start = .
 *(.ctors)
                0x00000054                __ctors_end = .
                0x00000054                __dtors_start = .
 *(.dtors)
                0x00000054                __dtors_end = .
 SORT(*)(.ctors)
 SORT(*)(.dtors)
 *(.init0)
 .init0         0x00000054        0x0 C:/Program Files (x86)/Atmel/Studio/7.0/Packs/atmel/ATmega_DFP/1.6.364/gcc/dev/atmega32/avr5/crtatmega32.o
                0x00000054                __init
 *(.init0)
 *(.init1)
 *(.init1)
 *(.init2)
 .init2         0x00000054        0xc C:/Program Files (x86)/Atmel/Studio/7.0/Packs/atmel/ATmega_DFP/1.6.364/gcc/dev/atmega32/avr5/crtatmega32.o
 *(.init2)
 *(.init3)
 *(.init3)
 *(.init4)
 .init4         0x00000060       0x16 c:/program files (x86)/atmel/studio/7.0/toolchain/avr8/avr8-gnu-toolchain/bin/../lib/gcc/avr/5.4.0/avr5\libgcc.a(_copy_data.o)
                0x00000060                __do_copy_data
 .init4         0x00000076       0x10 c:/program files (x86)/atmel/studio/7.0/toolchain/avr8/avr8-gnu-toolchain/bin/../lib/gcc/avr/5.4.0/avr5\libgcc.a(_clear_bss.o)
                0x00000076                __do_clear_bss
 *(.init4)
 *(.init5)
 *(.init5)
 *(.init6)
 *(.init6)
 *(.init7)
 *(.init7)
 *(.init8)
 *(.init8)
 *(.init9)
 .init9         0x00000086        0x4 C:/Program Files (x86)/Atmel/Studio/7.0/Packs/atmel/ATmega_DFP/1.6.364/gcc/dev/atmega32/avr5/crtatmega32.o
 *(.init9)
 *(.text)
 .text          0x0000008a        0x2 C:/Program Files (x86)/Atmel/Studio/7.0/Packs/atmel/ATmega_DFP/1.6.364/gcc/dev/atmega32/avr5/crtatmega32.o
                0x0000008a                __vector_12
                0x0000008a                __bad_interrupt
                0x0000008a                __vector_6
                0x0000008a                __vector_13
                0x0000008a                __vector_17
                0x0000008a                __vector_19
                0x0000008a                __vector_7
                0x0000008a                __vector_5
                0x0000008a                __vector_4
                0x0000008a                __vector_15
                0x0000008a                __vector_8
                0x0000008a                __vector_14
                0x0000008a                __vector_16
                0x0000008a                __vector_18
                0x0000008a                __vector_20
                0x0000008c                . = ALIGN (0x2)
 *(.text.*)
 .text.DIREC    0x0000008c      0x100 basics/PINS_Direction.o
                0x0000008c                DIREC
 .text.init_interrrupt
                0x0000018c       0x2c interrupt/External_interrupt.o
                0x0000018c                init_interrrupt
 .text.SET_CallBack_INT0
                0x000001b8        0xa interrupt/External_interrupt.o
                0x000001b8                SET_CallBack_INT0
 .text.__vector_1
                0x000001c2       0x4e interrupt/External_interrupt.o
                0x000001c2                __vector_1
 .text.__vector_2
                0x00000210       0x4e interrupt/External_interrupt.o
                0x00000210                __vector_2
 .text.__vector_3
                0x0000025e       0x4e interrupt/External_interrupt.o
                0x0000025e                __vector_3
 .text.lcd_send_command
                0x000002ac       0x4c LCCD/LCD_PROGRAM.o
                0x000002ac                lcd_send_command
 .text.lcd_init
                0x000002f8       0x50 LCCD/LCD_PROGRAM.o
                0x000002f8                lcd_init
 .text.lcd_write_character
                0x00000348       0x4c LCCD/LCD_PROGRAM.o
                0x00000348                lcd_write_character
 .text.lcd_write_word
                0x00000394       0x1c LCCD/LCD_PROGRAM.o
                0x00000394                lcd_write_word
 .text.lcd_goto_xy
                0x000003b0       0x18 LCCD/LCD_PROGRAM.o
                0x000003b0                lcd_goto_xy
 .text.test1    0x000003c8       0x34 main.o
                0x000003c8                test1
 .text.test2    0x000003fc       0xd2 main.o
                0x000003fc                test2
 .text.servo_init
                0x000004ce       0x16 main.o
                0x000004ce                servo_init
 .text.main     0x000004e4       0xa0 main.o
                0x000004e4                main
 .text.SETCALLBACK_TIMER0_OVR
                0x00000584        0xa Timer/timer.o
                0x00000584                SETCALLBACK_TIMER0_OVR
 .text.timer_init
                0x0000058e       0x24 Timer/timer.o
                0x0000058e                timer_init
 .text.__vector_11
                0x000005b2       0x4e Timer/timer.o
                0x000005b2                __vector_11
 .text.__vector_10
                0x00000600       0x4e Timer/timer.o
                0x00000600                __vector_10
 .text.__vector_9
                0x0000064e       0x4e Timer/timer.o
                0x0000064e                __vector_9
 .text.avr-libc.fplib
                0x0000069c        0xa c:/program files (x86)/atmel/studio/7.0/toolchain/avr8/avr8-gnu-toolchain/bin/../lib/gcc/avr/5.4.0/../../../../avr/lib/avr5\libm.a(addsf3.o)
                0x0000069c                __subsf3
                0x0000069e                __addsf3
 .text.avr-libc.fplib
                0x000006a6       0xc0 c:/program files (x86)/atmel/studio/7.0/toolchain/avr8/avr8-gnu-toolchain/bin/../lib/gcc/avr/5.4.0/../../../../avr/lib/avr5\libm.a(addsf3x.o)
                0x000006c0                __addsf3x
 .text.avr-libc.fplib
                0x00000766        0xa c:/program files (x86)/atmel/studio/7.0/toolchain/avr8/avr8-gnu-toolchain/bin/../lib/gcc/avr/5.4.0/../../../../avr/lib/avr5\libm.a(fixsfsi.o)
                0x00000766                __fixsfsi
 .text.avr-libc.fplib
                0x00000770       0x58 c:/program files (x86)/atmel/studio/7.0/toolchain/avr8/avr8-gnu-toolchain/bin/../lib/gcc/avr/5.4.0/../../../../avr/lib/avr5\libm.a(fixunssfsi.o)
                0x00000770                __fixunssfsi
 .text.avr-libc.fplib
                0x000007c8       0x7a c:/program files (x86)/atmel/studio/7.0/toolchain/avr8/avr8-gnu-toolchain/bin/../lib/gcc/avr/5.4.0/../../../../avr/lib/avr5\libm.a(floatsisf.o)
                0x000007c8                __floatunsisf
                0x000007cc                __floatsisf
 .text.avr-libc.fplib
                0x00000842        0xc c:/program files (x86)/atmel/studio/7.0/toolchain/avr8/avr8-gnu-toolchain/bin/../lib/gcc/avr/5.4.0/../../../../avr/lib/avr5\libm.a(fp_inf.o)
                0x00000842                __fp_inf
 .text.avr-libc.fplib
                0x0000084e        0x6 c:/program files (x86)/atmel/studio/7.0/toolchain/avr8/avr8-gnu-toolchain/bin/../lib/gcc/avr/5.4.0/../../../../avr/lib/avr5\libm.a(fp_nan.o)
                0x0000084e                __fp_nan
 .text.avr-libc.fplib
                0x00000854        0xe c:/program files (x86)/atmel/studio/7.0/toolchain/avr8/avr8-gnu-toolchain/bin/../lib/gcc/avr/5.4.0/../../../../avr/lib/avr5\libm.a(fp_pscA.o)
                0x00000854                __fp_pscA
 .text.avr-libc.fplib
                0x00000862        0xe c:/program files (x86)/atmel/studio/7.0/toolchain/avr8/avr8-gnu-toolchain/bin/../lib/gcc/avr/5.4.0/../../../../avr/lib/avr5\libm.a(fp_pscB.o)
                0x00000862                __fp_pscB
 .text.avr-libc.fplib
                0x00000870       0x22 c:/program files (x86)/atmel/studio/7.0/toolchain/avr8/avr8-gnu-toolchain/bin/../lib/gcc/avr/5.4.0/../../../../avr/lib/avr5\libm.a(fp_round.o)
                0x00000870                __fp_round
 .text.avr-libc.fplib
                0x00000892       0x44 c:/program files (x86)/atmel/studio/7.0/toolchain/avr8/avr8-gnu-toolchain/bin/../lib/gcc/avr/5.4.0/../../../../avr/lib/avr5\libm.a(fp_split3.o)
                0x00000892                __fp_split3
                0x000008a2                __fp_splitA
 .text.avr-libc.fplib
                0x000008d6        0xe c:/program files (x86)/atmel/studio/7.0/toolchain/avr8/avr8-gnu-toolchain/bin/../lib/gcc/avr/5.4.0/../../../../avr/lib/avr5\libm.a(fp_zero.o)
                0x000008d6                __fp_zero
                0x000008d8                __fp_szero
 .text.libgcc.div
                0x000008e4       0x26 c:/program files (x86)/atmel/studio/7.0/toolchain/avr8/avr8-gnu-toolchain/bin/../lib/gcc/avr/5.4.0/avr5\libgcc.a(_divmodhi4.o)
                0x000008e4                _div
                0x000008e4                __divmodhi4
 .text.libgcc.div
                0x0000090a       0x28 c:/program files (x86)/atmel/studio/7.0/toolchain/avr8/avr8-gnu-toolchain/bin/../lib/gcc/avr/5.4.0/avr5\libgcc.a(_udivmodhi4.o)
                0x0000090a                __udivmodhi4
 .text.avr-libc
                0x00000932       0x14 c:/program files (x86)/atmel/studio/7.0/toolchain/avr8/avr8-gnu-toolchain/bin/../lib/gcc/avr/5.4.0/../../../../avr/lib/avr5\libc.a(itoa_ncheck.o)
                0x00000932                __itoa_ncheck
 .text.avr-libc
                0x00000946       0x32 c:/program files (x86)/atmel/studio/7.0/toolchain/avr8/avr8-gnu-toolchain/bin/../lib/gcc/avr/5.4.0/../../../../avr/lib/avr5\libc.a(utoa_ncheck.o)
                0x00000946                __utoa_ncheck
                0x00000948                __utoa_common
 .text.avr-libc
                0x00000978       0x20 c:/program files (x86)/atmel/studio/7.0/toolchain/avr8/avr8-gnu-toolchain/bin/../lib/gcc/avr/5.4.0/../../../../avr/lib/avr5\libc.a(strrev.o)
                0x00000978                strrev
                0x00000998                . = ALIGN (0x2)
 *(.fini9)
 .fini9         0x00000998        0x0 c:/program files (x86)/atmel/studio/7.0/toolchain/avr8/avr8-gnu-toolchain/bin/../lib/gcc/avr/5.4.0/avr5\libgcc.a(_exit.o)
                0x00000998                _exit
                0x00000998                exit
 *(.fini9)
 *(.fini8)
 *(.fini8)
 *(.fini7)
 *(.fini7)
 *(.fini6)
 *(.fini6)
 *(.fini5)
 *(.fini5)
 *(.fini4)
 *(.fini4)
 *(.fini3)
 *(.fini3)
 *(.fini2)
 *(.fini2)
 *(.fini1)
 *(.fini1)
 *(.fini0)
 .fini0         0x00000998        0x4 c:/program files (x86)/atmel/studio/7.0/toolchain/avr8/avr8-gnu-toolchain/bin/../lib/gcc/avr/5.4.0/avr5\libgcc.a(_exit.o)
 *(.fini0)
                0x0000099c                _etext = .

.data           0x00800060       0x92 load address 0x0000099c
                0x00800060                PROVIDE (__data_start, .)
 *(.data)
 *(.data*)
 .data.pins     0x00800060       0x80 basics/PINS_Direction.o
                0x00800060                pins
 *(.gnu.linkonce.d*)
 *(.rodata)
 *(.rodata*)
 .rodata.str1.1
                0x008000e0       0x11 main.o
 *(.gnu.linkonce.r*)
                0x008000f2                . = ALIGN (0x2)
 *fill*         0x008000f1        0x1 
                0x008000f2                _edata = .
                0x008000f2                PROVIDE (__data_end, .)

.bss            0x008000f2       0x3e
                0x008000f2                PROVIDE (__bss_start, .)
 *(.bss)
 *(.bss*)
 .bss.timer_counter
                0x008000f2        0x2 main.o
                0x008000f2                timer_counter
 .bss.rising_edge
                0x008000f4        0x2 main.o
                0x008000f4                rising_edge
 .bss.sensor_working
                0x008000f6        0x2 main.o
                0x008000f6                sensor_working
 *(COMMON)
 COMMON         0x008000f8        0x6 interrupt/External_interrupt.o
                0x008000f8                p2f0
                0x008000fa                p2f1
                0x008000fc                p2f2
 COMMON         0x008000fe       0x2c main.o
                0x008000fe                distance
                0x00800102                distance_str
 COMMON         0x0080012a        0x6 Timer/timer.o
                0x0080012a                p3f
                0x0080012c                p4f
                0x0080012e                p2f
                0x00800130                PROVIDE (__bss_end, .)
                0x0000099c                __data_load_start = LOADADDR (.data)
                0x00000a2e                __data_load_end = (__data_load_start + SIZEOF (.data))

.noinit         0x00800130        0x0
                [!provide]                PROVIDE (__noinit_start, .)
 *(.noinit*)
                [!provide]                PROVIDE (__noinit_end, .)
                0x00800130                _end = .
                [!provide]                PROVIDE (__heap_start, .)

.eeprom         0x00810000        0x0
 *(.eeprom*)
                0x00810000                __eeprom_end = .

.fuse
 *(.fuse)
 *(.lfuse)
 *(.hfuse)
 *(.efuse)

.lock
 *(.lock*)

.signature
 *(.signature*)

.user_signatures
 *(.user_signatures*)

.stab
 *(.stab)

.stabstr
 *(.stabstr)

.stab.excl
 *(.stab.excl)

.stab.exclstr
 *(.stab.exclstr)

.stab.index
 *(.stab.index)

.stab.indexstr
 *(.stab.indexstr)

.comment        0x00000000       0x30
 *(.comment)
 .comment       0x00000000       0x30 basics/PINS_Direction.o
                                 0x31 (size before relaxing)
 .comment       0x00000030       0x31 interrupt/External_interrupt.o
 .comment       0x00000030       0x31 LCCD/LCD_PROGRAM.o
 .comment       0x00000030       0x31 main.o
 .comment       0x00000030       0x31 Timer/timer.o

.note.gnu.avr.deviceinfo
                0x00000000       0x3c
 .note.gnu.avr.deviceinfo
                0x00000000       0x3c C:/Program Files (x86)/Atmel/Studio/7.0/Packs/atmel/ATmega_DFP/1.6.364/gcc/dev/atmega32/avr5/crtatmega32.o

.note.gnu.build-id
 *(.note.gnu.build-id)

.debug
 *(.debug)

.line
 *(.line)

.debug_srcinfo
 *(.debug_srcinfo)

.debug_sfnames
 *(.debug_sfnames)

.debug_aranges  0x00000000      0x170
 *(.debug_aranges)
 .debug_aranges
                0x00000000       0x20 basics/PINS_Direction.o
 .debug_aranges
                0x00000020       0x50 interrupt/External_interrupt.o
 .debug_aranges
                0x00000070       0x48 LCCD/LCD_PROGRAM.o
 .debug_aranges
                0x000000b8       0x40 main.o
 .debug_aranges
                0x000000f8       0x78 Timer/timer.o

.debug_pubnames
 *(.debug_pubnames)

.debug_info     0x00000000     0x1621
 *(.debug_info .gnu.linkonce.wi.*)
 .debug_info    0x00000000      0x4e6 C:/Program Files (x86)/Atmel/Studio/7.0/Packs/atmel/ATmega_DFP/1.6.364/gcc/dev/atmega32/avr5/crtatmega32.o
 .debug_info    0x000004e6      0x1da basics/PINS_Direction.o
 .debug_info    0x000006c0      0x19c interrupt/External_interrupt.o
 .debug_info    0x0000085c      0x57c LCCD/LCD_PROGRAM.o
 .debug_info    0x00000dd8      0x60e main.o
 .debug_info    0x000013e6      0x23b Timer/timer.o

.debug_abbrev   0x00000000      0xb1d
 *(.debug_abbrev)
 .debug_abbrev  0x00000000      0x4a3 C:/Program Files (x86)/Atmel/Studio/7.0/Packs/atmel/ATmega_DFP/1.6.364/gcc/dev/atmega32/avr5/crtatmega32.o
 .debug_abbrev  0x000004a3       0xf0 basics/PINS_Direction.o
 .debug_abbrev  0x00000593       0xb6 interrupt/External_interrupt.o
 .debug_abbrev  0x00000649      0x18b LCCD/LCD_PROGRAM.o
 .debug_abbrev  0x000007d4      0x275 main.o
 .debug_abbrev  0x00000a49       0xd4 Timer/timer.o

.debug_line     0x00000000     0x1796
 *(.debug_line .debug_line.* .debug_line_end)
 .debug_line    0x00000000      0x116 C:/Program Files (x86)/Atmel/Studio/7.0/Packs/atmel/ATmega_DFP/1.6.364/gcc/dev/atmega32/avr5/crtatmega32.o
 .debug_line    0x00000116      0x2eb basics/PINS_Direction.o
 .debug_line    0x00000401      0x396 interrupt/External_interrupt.o
 .debug_line    0x00000797      0x4b1 LCCD/LCD_PROGRAM.o
 .debug_line    0x00000c48      0x756 main.o
 .debug_line    0x0000139e      0x3f8 Timer/timer.o

.debug_frame    0x00000000      0x410
 *(.debug_frame)
 .debug_frame   0x00000000       0x24 basics/PINS_Direction.o
 .debug_frame   0x00000024      0x15c interrupt/External_interrupt.o
 .debug_frame   0x00000180       0x80 LCCD/LCD_PROGRAM.o
 .debug_frame   0x00000200       0x64 main.o
 .debug_frame   0x00000264      0x1ac Timer/timer.o

.debug_str      0x00000000     0x887e
 *(.debug_str)
 .debug_str     0x00000000      0x196 C:/Program Files (x86)/Atmel/Studio/7.0/Packs/atmel/ATmega_DFP/1.6.364/gcc/dev/atmega32/avr5/crtatmega32.o
 .debug_str     0x00000196     0x6f57 basics/PINS_Direction.o
                               0x71c6 (size before relaxing)
 .debug_str     0x000070ed      0x4f0 interrupt/External_interrupt.o
                               0x762e (size before relaxing)
 .debug_str     0x000075dd      0x617 LCCD/LCD_PROGRAM.o
                               0x776c (size before relaxing)
 .debug_str     0x00007bf4      0xbe2 main.o
                               0x87b4 (size before relaxing)
 .debug_str     0x000087d6       0xa8 Timer/timer.o
                               0x7716 (size before relaxing)

.debug_loc      0x00000000      0xc29
 *(.debug_loc)
 .debug_loc     0x00000000       0x14 basics/PINS_Direction.o
 .debug_loc     0x00000014      0x261 interrupt/External_interrupt.o
 .debug_loc     0x00000275      0x4ed LCCD/LCD_PROGRAM.o
 .debug_loc     0x00000762      0x248 main.o
 .debug_loc     0x000009aa      0x27f Timer/timer.o

.debug_macinfo
 *(.debug_macinfo)

.debug_weaknames
 *(.debug_weaknames)

.debug_funcnames
 *(.debug_funcnames)

.debug_typenames
 *(.debug_typenames)

.debug_varnames
 *(.debug_varnames)

.debug_pubtypes
 *(.debug_pubtypes)

.debug_ranges   0x00000000      0x168
 *(.debug_ranges)
 .debug_ranges  0x00000000       0x10 basics/PINS_Direction.o
 .debug_ranges  0x00000010       0x40 interrupt/External_interrupt.o
 .debug_ranges  0x00000050       0x38 LCCD/LCD_PROGRAM.o
 .debug_ranges  0x00000088       0x78 main.o
 .debug_ranges  0x00000100       0x68 Timer/timer.o

.debug_macro    0x00000000      0xb91
 *(.debug_macro)
 .debug_macro   0x00000000       0xc6 basics/PINS_Direction.o
 .debug_macro   0x000000c6       0xee interrupt/External_interrupt.o
 .debug_macro   0x000001b4       0x63 interrupt/External_interrupt.o
 .debug_macro   0x00000217       0x40 interrupt/External_interrupt.o
 .debug_macro   0x00000257      0x106 LCCD/LCD_PROGRAM.o
 .debug_macro   0x0000035d       0x10 LCCD/LCD_PROGRAM.o
 .debug_macro   0x0000036d      0x166 LCCD/LCD_PROGRAM.o
 .debug_macro   0x000004d3       0x46 LCCD/LCD_PROGRAM.o
 .debug_macro   0x00000519       0x34 LCCD/LCD_PROGRAM.o
 .debug_macro   0x0000054d      0x213 main.o
 .debug_macro   0x00000760       0x10 main.o
 .debug_macro   0x00000770       0x69 main.o
 .debug_macro   0x000007d9       0x1c main.o
 .debug_macro   0x000007f5      0x10e main.o
 .debug_macro   0x00000903       0x60 main.o
 .debug_macro   0x00000963       0x9a main.o
 .debug_macro   0x000009fd       0x70 main.o
 .debug_macro   0x00000a6d       0x16 main.o
 .debug_macro   0x00000a83       0x20 main.o
 .debug_macro   0x00000aa3       0xee Timer/timer.o
OUTPUT(project.elf elf32-avr)
LOAD linker stubs
